// Vitest Snapshot v1, https://vitest.dev/guide/snapshot.html

exports[`module > should export a stable API 1`] = `
{
  "PrismaJob": [Function],
  "PrismaQueue": [Function],
  "createQueue": [Function],
  "prepareForJson": [Function],
  "restoreFromJson": [Function],
}
`;
